// Jest Snapshot v1, https://goo.gl/fbAQLP

exports[`MyPosts component renders without crashing 1`] = `
<Fragment>
  <main
    className="flex-container"
  >
    <header
      role="banner"
    >
      <h1>
        My Posts
      </h1>
    </header>
    <section
      className="myPost-grid"
    />
  </main>
</Fragment>
`;
